// Jest Snapshot v1, https://goo.gl/fbAQLP

exports[`download control first pass should fetch all downloads since nothing is in cache 1`] = `
Array [
  Array [
    Object {
      "downloadData": "[\\"http://download-control.com/post/1.html\\",{\\"headers\\":{},\\"method\\":\\"GET\\"}]",
      "parsedValue": "The",
      "scraper": "postTitle",
    },
    Object {
      "downloadData": "[\\"http://download-control.com/post/2.html\\",{\\"headers\\":{},\\"method\\":\\"GET\\"}]",
      "parsedValue": "Quick",
      "scraper": "postTitle",
    },
    Object {
      "downloadData": "[\\"http://download-control.com/post/3.html\\",{\\"headers\\":{},\\"method\\":\\"GET\\"}]",
      "parsedValue": "Brown",
      "scraper": "postTitle",
    },
    Object {
      "downloadData": "[\\"http://download-control.com/post/4.html\\",{\\"headers\\":{},\\"method\\":\\"GET\\"}]",
      "parsedValue": "Fox",
      "scraper": "postTitle",
    },
    Object {
      "downloadData": "[\\"http://download-control.com/post/5.html\\",{\\"headers\\":{},\\"method\\":\\"GET\\"}]",
      "parsedValue": "Jumped",
      "scraper": "postTitle",
    },
  ],
]
`;

exports[`download control second pass on same folder should request 'index', but not cached postTitle 1`] = `
Array [
  Array [
    Object {
      "downloadData": "[\\"http://download-control.com/post/1.html\\",{\\"headers\\":{},\\"method\\":\\"GET\\"}]",
      "parsedValue": "The",
      "scraper": "postTitle",
    },
    Object {
      "downloadData": "[\\"http://download-control.com/post/2.html\\",{\\"headers\\":{},\\"method\\":\\"GET\\"}]",
      "parsedValue": "Quick",
      "scraper": "postTitle",
    },
    Object {
      "downloadData": "[\\"http://download-control.com/post/3.html\\",{\\"headers\\":{},\\"method\\":\\"GET\\"}]",
      "parsedValue": "Brown",
      "scraper": "postTitle",
    },
    Object {
      "downloadData": "[\\"http://download-control.com/post/4.html\\",{\\"headers\\":{},\\"method\\":\\"GET\\"}]",
      "parsedValue": "Fox",
      "scraper": "postTitle",
    },
    Object {
      "downloadData": "[\\"http://download-control.com/post/5.html\\",{\\"headers\\":{},\\"method\\":\\"GET\\"}]",
      "parsedValue": "Jumped",
      "scraper": "postTitle",
    },
  ],
]
`;

exports[`download control with all scrapers cache: true, no requests should happen 1`] = `
Array [
  Array [
    Object {
      "downloadData": "[\\"http://download-control.com/post/1.html\\",{\\"headers\\":{},\\"method\\":\\"GET\\"}]",
      "parsedValue": "The",
      "scraper": "postTitle",
    },
    Object {
      "downloadData": "[\\"http://download-control.com/post/2.html\\",{\\"headers\\":{},\\"method\\":\\"GET\\"}]",
      "parsedValue": "Quick",
      "scraper": "postTitle",
    },
    Object {
      "downloadData": "[\\"http://download-control.com/post/3.html\\",{\\"headers\\":{},\\"method\\":\\"GET\\"}]",
      "parsedValue": "Brown",
      "scraper": "postTitle",
    },
    Object {
      "downloadData": "[\\"http://download-control.com/post/4.html\\",{\\"headers\\":{},\\"method\\":\\"GET\\"}]",
      "parsedValue": "Fox",
      "scraper": "postTitle",
    },
    Object {
      "downloadData": "[\\"http://download-control.com/post/5.html\\",{\\"headers\\":{},\\"method\\":\\"GET\\"}]",
      "parsedValue": "Jumped",
      "scraper": "postTitle",
    },
  ],
]
`;
