// Jest Snapshot v1, https://goo.gl/fbAQLP

exports[`download control cache control first pass should fetch all downloads since nothing is in cache 1`] = `
Array [
  Array [
    Object {
      "byteLength": "35.0",
      "complete": 1,
      "downloadData": "[\\"http://download-control.com/post/1.html\\",{\\"headers\\":{},\\"method\\":\\"GET\\"}]",
      "filename": false,
      "id": true,
      "parsedValue": "The",
      "scraper": "postTitle",
    },
    Object {
      "byteLength": "37.0",
      "complete": 1,
      "downloadData": "[\\"http://download-control.com/post/2.html\\",{\\"headers\\":{},\\"method\\":\\"GET\\"}]",
      "filename": false,
      "id": true,
      "parsedValue": "Quick",
      "scraper": "postTitle",
    },
    Object {
      "byteLength": "37.0",
      "complete": 1,
      "downloadData": "[\\"http://download-control.com/post/3.html\\",{\\"headers\\":{},\\"method\\":\\"GET\\"}]",
      "filename": false,
      "id": true,
      "parsedValue": "Brown",
      "scraper": "postTitle",
    },
    Object {
      "byteLength": "35.0",
      "complete": 1,
      "downloadData": "[\\"http://download-control.com/post/4.html\\",{\\"headers\\":{},\\"method\\":\\"GET\\"}]",
      "filename": false,
      "id": true,
      "parsedValue": "Fox",
      "scraper": "postTitle",
    },
    Object {
      "byteLength": "38.0",
      "complete": 1,
      "downloadData": "[\\"http://download-control.com/post/5.html\\",{\\"headers\\":{},\\"method\\":\\"GET\\"}]",
      "filename": false,
      "id": true,
      "parsedValue": "Jumped",
      "scraper": "postTitle",
    },
  ],
]
`;

exports[`download control cache control second pass on same folder should request 'index', but not cached postTitle 1`] = `
Array [
  Array [
    Object {
      "byteLength": "35.0",
      "complete": 1,
      "downloadData": "[\\"http://download-control.com/post/1.html\\",{\\"headers\\":{},\\"method\\":\\"GET\\"}]",
      "filename": false,
      "id": true,
      "parsedValue": "The",
      "scraper": "postTitle",
    },
    Object {
      "byteLength": "37.0",
      "complete": 1,
      "downloadData": "[\\"http://download-control.com/post/2.html\\",{\\"headers\\":{},\\"method\\":\\"GET\\"}]",
      "filename": false,
      "id": true,
      "parsedValue": "Quick",
      "scraper": "postTitle",
    },
    Object {
      "byteLength": "37.0",
      "complete": 1,
      "downloadData": "[\\"http://download-control.com/post/3.html\\",{\\"headers\\":{},\\"method\\":\\"GET\\"}]",
      "filename": false,
      "id": true,
      "parsedValue": "Brown",
      "scraper": "postTitle",
    },
    Object {
      "byteLength": "35.0",
      "complete": 1,
      "downloadData": "[\\"http://download-control.com/post/4.html\\",{\\"headers\\":{},\\"method\\":\\"GET\\"}]",
      "filename": false,
      "id": true,
      "parsedValue": "Fox",
      "scraper": "postTitle",
    },
    Object {
      "byteLength": "38.0",
      "complete": 1,
      "downloadData": "[\\"http://download-control.com/post/5.html\\",{\\"headers\\":{},\\"method\\":\\"GET\\"}]",
      "filename": false,
      "id": true,
      "parsedValue": "Jumped",
      "scraper": "postTitle",
    },
  ],
]
`;

exports[`download control cache control with all scrapers cache: true, no requests should happen 1`] = `
Array [
  Array [
    Object {
      "byteLength": "35.0",
      "complete": 1,
      "downloadData": "[\\"http://download-control.com/post/1.html\\",{\\"headers\\":{},\\"method\\":\\"GET\\"}]",
      "filename": false,
      "id": true,
      "parsedValue": "The",
      "scraper": "postTitle",
    },
    Object {
      "byteLength": "37.0",
      "complete": 1,
      "downloadData": "[\\"http://download-control.com/post/2.html\\",{\\"headers\\":{},\\"method\\":\\"GET\\"}]",
      "filename": false,
      "id": true,
      "parsedValue": "Quick",
      "scraper": "postTitle",
    },
    Object {
      "byteLength": "37.0",
      "complete": 1,
      "downloadData": "[\\"http://download-control.com/post/3.html\\",{\\"headers\\":{},\\"method\\":\\"GET\\"}]",
      "filename": false,
      "id": true,
      "parsedValue": "Brown",
      "scraper": "postTitle",
    },
    Object {
      "byteLength": "35.0",
      "complete": 1,
      "downloadData": "[\\"http://download-control.com/post/4.html\\",{\\"headers\\":{},\\"method\\":\\"GET\\"}]",
      "filename": false,
      "id": true,
      "parsedValue": "Fox",
      "scraper": "postTitle",
    },
    Object {
      "byteLength": "38.0",
      "complete": 1,
      "downloadData": "[\\"http://download-control.com/post/5.html\\",{\\"headers\\":{},\\"method\\":\\"GET\\"}]",
      "filename": false,
      "id": true,
      "parsedValue": "Jumped",
      "scraper": "postTitle",
    },
  ],
]
`;

exports[`testing/functional/download-control/functional.test.ts cache control first pass should fetch all downloads since nothing is in cache 1`] = `
Array [
  Array [
    Object {
      "byteLength": "35.0",
      "complete": 1,
      "downloadData": "[\\"http://download-control.com/post/1.html\\",{\\"headers\\":{},\\"method\\":\\"GET\\"}]",
      "filename": false,
      "id": true,
      "parsedValue": "The",
      "scraper": "postTitle",
    },
    Object {
      "byteLength": "37.0",
      "complete": 1,
      "downloadData": "[\\"http://download-control.com/post/2.html\\",{\\"headers\\":{},\\"method\\":\\"GET\\"}]",
      "filename": false,
      "id": true,
      "parsedValue": "Quick",
      "scraper": "postTitle",
    },
    Object {
      "byteLength": "37.0",
      "complete": 1,
      "downloadData": "[\\"http://download-control.com/post/3.html\\",{\\"headers\\":{},\\"method\\":\\"GET\\"}]",
      "filename": false,
      "id": true,
      "parsedValue": "Brown",
      "scraper": "postTitle",
    },
    Object {
      "byteLength": "35.0",
      "complete": 1,
      "downloadData": "[\\"http://download-control.com/post/4.html\\",{\\"headers\\":{},\\"method\\":\\"GET\\"}]",
      "filename": false,
      "id": true,
      "parsedValue": "Fox",
      "scraper": "postTitle",
    },
    Object {
      "byteLength": "38.0",
      "complete": 1,
      "downloadData": "[\\"http://download-control.com/post/5.html\\",{\\"headers\\":{},\\"method\\":\\"GET\\"}]",
      "filename": false,
      "id": true,
      "parsedValue": "Jumped",
      "scraper": "postTitle",
    },
  ],
]
`;

exports[`testing/functional/download-control/functional.test.ts cache control second pass on same folder should request 'index', but not cached postTitle 1`] = `
Array [
  Array [
    Object {
      "byteLength": "35.0",
      "complete": 1,
      "downloadData": "[\\"http://download-control.com/post/1.html\\",{\\"headers\\":{},\\"method\\":\\"GET\\"}]",
      "filename": false,
      "id": true,
      "parsedValue": "The",
      "scraper": "postTitle",
    },
    Object {
      "byteLength": "37.0",
      "complete": 1,
      "downloadData": "[\\"http://download-control.com/post/2.html\\",{\\"headers\\":{},\\"method\\":\\"GET\\"}]",
      "filename": false,
      "id": true,
      "parsedValue": "Quick",
      "scraper": "postTitle",
    },
    Object {
      "byteLength": "37.0",
      "complete": 1,
      "downloadData": "[\\"http://download-control.com/post/3.html\\",{\\"headers\\":{},\\"method\\":\\"GET\\"}]",
      "filename": false,
      "id": true,
      "parsedValue": "Brown",
      "scraper": "postTitle",
    },
    Object {
      "byteLength": "35.0",
      "complete": 1,
      "downloadData": "[\\"http://download-control.com/post/4.html\\",{\\"headers\\":{},\\"method\\":\\"GET\\"}]",
      "filename": false,
      "id": true,
      "parsedValue": "Fox",
      "scraper": "postTitle",
    },
    Object {
      "byteLength": "38.0",
      "complete": 1,
      "downloadData": "[\\"http://download-control.com/post/5.html\\",{\\"headers\\":{},\\"method\\":\\"GET\\"}]",
      "filename": false,
      "id": true,
      "parsedValue": "Jumped",
      "scraper": "postTitle",
    },
  ],
]
`;

exports[`testing/functional/download-control/functional.test.ts cache control with all scrapers cache: true, no requests should happen 1`] = `
Array [
  Array [
    Object {
      "byteLength": "35.0",
      "complete": 1,
      "downloadData": "[\\"http://download-control.com/post/1.html\\",{\\"headers\\":{},\\"method\\":\\"GET\\"}]",
      "filename": false,
      "id": true,
      "parsedValue": "The",
      "scraper": "postTitle",
    },
    Object {
      "byteLength": "37.0",
      "complete": 1,
      "downloadData": "[\\"http://download-control.com/post/2.html\\",{\\"headers\\":{},\\"method\\":\\"GET\\"}]",
      "filename": false,
      "id": true,
      "parsedValue": "Quick",
      "scraper": "postTitle",
    },
    Object {
      "byteLength": "37.0",
      "complete": 1,
      "downloadData": "[\\"http://download-control.com/post/3.html\\",{\\"headers\\":{},\\"method\\":\\"GET\\"}]",
      "filename": false,
      "id": true,
      "parsedValue": "Brown",
      "scraper": "postTitle",
    },
    Object {
      "byteLength": "35.0",
      "complete": 1,
      "downloadData": "[\\"http://download-control.com/post/4.html\\",{\\"headers\\":{},\\"method\\":\\"GET\\"}]",
      "filename": false,
      "id": true,
      "parsedValue": "Fox",
      "scraper": "postTitle",
    },
    Object {
      "byteLength": "38.0",
      "complete": 1,
      "downloadData": "[\\"http://download-control.com/post/5.html\\",{\\"headers\\":{},\\"method\\":\\"GET\\"}]",
      "filename": false,
      "id": true,
      "parsedValue": "Jumped",
      "scraper": "postTitle",
    },
  ],
]
`;
